Archive member included to satisfy reference by file (symbol)

d:/iti es/tools/arm/imt_sdk_win_64/winarm/armgcc/bin/../lib/gcc/arm-none-eabi/7.2.1/../../../../arm-none-eabi/lib/thumb/v7-m\libg_nano.a(lib_a-errno.o)
                              ./system/src/newlib/_sbrk.o (__errno)
d:/iti es/tools/arm/imt_sdk_win_64/winarm/armgcc/bin/../lib/gcc/arm-none-eabi/7.2.1/../../../../arm-none-eabi/lib/thumb/v7-m\libg_nano.a(lib_a-impure.o)
                              d:/iti es/tools/arm/imt_sdk_win_64/winarm/armgcc/bin/../lib/gcc/arm-none-eabi/7.2.1/../../../../arm-none-eabi/lib/thumb/v7-m\libg_nano.a(lib_a-errno.o) (_impure_ptr)

Allocating common symbols
Common symbol       size              file

g_recieveBuffer     0x64              ./src/OTA_program.o
errno               0x4               ./system/src/newlib/_syscalls.o
g_address           0x4               ./src/OTA_program.o

Discarded input sections

 .group         0x00000000        0xc ./system/src/stm32f1-stdperiph/misc.o
 .group         0x00000000        0xc ./system/src/stm32f1-stdperiph/misc.o
 .group         0x00000000        0xc ./system/src/stm32f1-stdperiph/misc.o
 .group         0x00000000        0xc ./system/src/stm32f1-stdperiph/misc.o
 .group         0x00000000        0xc ./system/src/stm32f1-stdperiph/misc.o
 .group         0x00000000        0xc ./system/src/stm32f1-stdperiph/misc.o
 .group         0x00000000        0xc ./system/src/stm32f1-stdperiph/misc.o
 .group         0x00000000        0xc ./system/src/stm32f1-stdperiph/misc.o
 .group         0x00000000        0xc ./system/src/stm32f1-stdperiph/misc.o
 .group         0x00000000        0xc ./system/src/stm32f1-stdperiph/misc.o
 .group         0x00000000        0xc ./system/src/stm32f1-stdperiph/misc.o
 .group         0x00000000        0xc ./system/src/stm32f1-stdperiph/misc.o
 .group         0x00000000        0xc ./system/src/stm32f1-stdperiph/misc.o
 .group         0x00000000        0xc ./system/src/stm32f1-stdperiph/misc.o
 .group         0x00000000        0xc ./system/src/stm32f1-stdperiph/misc.o
 .group         0x00000000        0xc ./system/src/stm32f1-stdperiph/misc.o
 .group         0x00000000        0xc ./system/src/stm32f1-stdperiph/misc.o
 .group         0x00000000        0xc ./system/src/stm32f1-stdperiph/misc.o
 .group         0x00000000        0xc ./system/src/stm32f1-stdperiph/misc.o
 .group         0x00000000        0xc ./system/src/stm32f1-stdperiph/misc.o
 .group         0x00000000        0xc ./system/src/stm32f1-stdperiph/misc.o
 .group         0x00000000        0xc ./system/src/stm32f1-stdperiph/misc.o
 .group         0x00000000        0xc ./system/src/stm32f1-stdperiph/misc.o
 .group         0x00000000        0xc ./system/src/stm32f1-stdperiph/misc.o
 .group         0x00000000        0xc ./system/src/stm32f1-stdperiph/misc.o
 .group         0x00000000        0xc ./system/src/stm32f1-stdperiph/misc.o
 .group         0x00000000        0xc ./system/src/stm32f1-stdperiph/misc.o
 .group         0x00000000        0xc ./system/src/stm32f1-stdperiph/misc.o
 .group         0x00000000        0xc ./system/src/stm32f1-stdperiph/misc.o
 .group         0x00000000        0xc ./system/src/stm32f1-stdperiph/misc.o
 .text          0x00000000        0x0 ./system/src/stm32f1-stdperiph/misc.o
 .data          0x00000000        0x0 ./system/src/stm32f1-stdperiph/misc.o
 .bss           0x00000000        0x0 ./system/src/stm32f1-stdperiph/misc.o
 .text.NVIC_PriorityGroupConfig
                0x00000000       0x40 ./system/src/stm32f1-stdperiph/misc.o
 .text.NVIC_Init
                0x00000000       0x98 ./system/src/stm32f1-stdperiph/misc.o
 .text.NVIC_SetVectorTable
                0x00000000       0x48 ./system/src/stm32f1-stdperiph/misc.o
 .text.NVIC_SystemLPConfig
                0x00000000       0x4c ./system/src/stm32f1-stdperiph/misc.o
 .text.SysTick_CLKSourceConfig
                0x00000000       0x3c ./system/src/stm32f1-stdperiph/misc.o
 .rodata.NVIC_PriorityGroupConfig.str1.4
                0x00000000       0x27 ./system/src/stm32f1-stdperiph/misc.o
 .debug_info    0x00000000      0x634 ./system/src/stm32f1-stdperiph/misc.o
 .debug_abbrev  0x00000000      0x194 ./system/src/stm32f1-stdperiph/misc.o
 .debug_loc     0x00000000      0x207 ./system/src/stm32f1-stdperiph/misc.o
 .debug_aranges
                0x00000000       0x40 ./system/src/stm32f1-stdperiph/misc.o
 .debug_ranges  0x00000000       0x30 ./system/src/stm32f1-stdperiph/misc.o
 .debug_macro   0x00000000      0x171 ./system/src/stm32f1-stdperiph/misc.o
 .debug_macro   0x00000000      0xa60 ./system/src/stm32f1-stdperiph/misc.o
 .debug_macro   0x00000000       0x50 ./system/src/stm32f1-stdperiph/misc.o
 .debug_macro   0x00000000      0x34e ./system/src/stm32f1-stdperiph/misc.o
 .debug_macro   0x00000000       0x35 ./system/src/stm32f1-stdperiph/misc.o
 .debug_macro   0x00000000       0x34 ./system/src/stm32f1-stdperiph/misc.o
 .debug_macro   0x00000000      0xb8e ./system/src/stm32f1-stdperiph/misc.o
[...]
Memory Configuration

Name             Origin             Length             Attributes
RAM              0x20000000         0x00005000         xrw
CCMRAM           0x00000000         0x00000000         xrw
FLASH            0x08000000         0x00002000         xr
FLASHB1          0x00000000         0x00000000         xr
EXTMEMB0         0x00000000         0x00000000         xr
EXTMEMB1         0x00000000         0x00000000         xr
EXTMEMB2         0x00000000         0x00000000         xr
EXTMEMB3         0x00000000         0x00000000         xr
MEMORY_ARRAY     0x00000000         0x00000000         xrw
*default*        0x00000000         0xffffffff

Linker script and memory map

LOAD ./system/src/stm32f1-stdperiph/misc.o
LOAD ./system/src/stm32f1-stdperiph/stm32f10x_gpio.o
LOAD ./system/src/stm32f1-stdperiph/stm32f10x_rcc.o
LOAD ./system/src/newlib/_cxx.o
LOAD ./system/src/newlib/_exit.o
LOAD ./system/src/newlib/_sbrk.o
LOAD ./system/src/newlib/_startup.o
LOAD ./system/src/newlib/_syscalls.o
LOAD ./system/src/newlib/assert.o
LOAD ./system/src/diag/Trace.o
LOAD ./system/src/diag/trace_impl.o
LOAD ./system/src/cortexm/_initialize_hardware.o
LOAD ./system/src/cortexm/_reset_hardware.o
LOAD ./system/src/cortexm/exception_handlers.o
LOAD ./system/src/cmsis/system_stm32f10x.o
LOAD ./system/src/cmsis/vectors_stm32f10x.o
LOAD ./src/DIO_program.o
LOAD ./src/FPEC_program.o
LOAD ./src/GPIO_program.o
LOAD ./src/NVIC_program.o
LOAD ./src/OTA_program.o
LOAD ./src/Parse.o
LOAD ./src/RCC_program.o
LOAD ./src/STK_program.o
LOAD ./src/USART_program.o
LOAD ./src/main.o
LOAD d:/iti es/tools/arm/imt_sdk_win_64/winarm/armgcc/bin/../lib/gcc/arm-none-eabi/7.2.1/../../../../arm-none-eabi/lib/thumb/v7-m\libstdc++_nano.a
LOAD d:/iti es/tools/arm/imt_sdk_win_64/winarm/armgcc/bin/../lib/gcc/arm-none-eabi/7.2.1/../../../../arm-none-eabi/lib/thumb/v7-m\libm.a
START GROUP
LOAD d:/iti es/tools/arm/imt_sdk_win_64/winarm/armgcc/bin/../lib/gcc/arm-none-eabi/7.2.1/thumb/v7-m\libgcc.a
LOAD d:/iti es/tools/arm/imt_sdk_win_64/winarm/armgcc/bin/../lib/gcc/arm-none-eabi/7.2.1/../../../../arm-none-eabi/lib/thumb/v7-m\libg_nano.a
LOAD d:/iti es/tools/arm/imt_sdk_win_64/winarm/armgcc/bin/../lib/gcc/arm-none-eabi/7.2.1/../../../../arm-none-eabi/lib/thumb/v7-m\libc_nano.a
END GROUP
START GROUP
LOAD d:/iti es/tools/arm/imt_sdk_win_64/winarm/armgcc/bin/../lib/gcc/arm-none-eabi/7.2.1/thumb/v7-m\libgcc.a
LOAD d:/iti es/tools/arm/imt_sdk_win_64/winarm/armgcc/bin/../lib/gcc/arm-none-eabi/7.2.1/../../../../arm-none-eabi/lib/thumb/v7-m\libc_nano.a
END GROUP
                0x20005000                __stack = (ORIGIN (RAM) + LENGTH (RAM))
                0x20005000                _estack = __stack
                0x00000400                __Main_Stack_Size = 0x400
                [!provide]                PROVIDE (_Main_Stack_Size, __Main_Stack_Size)
                0x20004c00                __Main_Stack_Limit = (__stack - __Main_Stack_Size)
                [!provide]                PROVIDE (_Main_Stack_Limit, __Main_Stack_Limit)
                0x00000100                _Minimum_Stack_Size = 0x100
                0x20000174                PROVIDE (_Heap_Begin, _end_noinit)
                0x20004c00                PROVIDE (_Heap_Limit, (__stack - __Main_Stack_Size))

.isr_vector     0x08000000      0x294
 FILL mask 0xff
                0x08000000                __vectors_start = ABSOLUTE (.)
                0x08000000                __vectors_start__ = ABSOLUTE (.)
 *(.isr_vector)
 .isr_vector    0x08000000      0x10c ./system/src/cmsis/vectors_stm32f10x.o
                0x08000000                __isr_vectors
 *(.cfmconfig)
 *(.after_vectors .after_vectors.*)
 .after_vectors
                0x0800010c      0x114 ./system/src/newlib/_startup.o
                0x0800010c                _start
 .after_vectors
                0x08000220       0x70 ./system/src/cortexm/exception_handlers.o
                0x08000220                Reset_Handler
                0x08000226                NMI_Handler
                0x0800022a                HardFault_Handler
                0x0800023e                HardFault_Handler_C
                0x08000242                MemManage_Handler
                0x08000246                BusFault_Handler
                0x0800025a                BusFault_Handler_C
                0x0800025e                UsageFault_Handler
                0x08000272                UsageFault_Handler_C
                0x08000276                SVC_Handler
                0x0800027a                DebugMon_Handler
                0x0800027e                PendSV_Handler
 .after_vectors
                0x08000290        0x4 ./system/src/cmsis/vectors_stm32f10x.o
                0x08000290                EXTI2_IRQHandler
                0x08000290                TIM8_TRG_COM_IRQHandler
                0x08000290                TIM8_CC_IRQHandler
                0x08000290                TIM1_CC_IRQHandler
                0x08000290                TIM6_IRQHandler
                0x08000290                PVD_IRQHandler
                0x08000290                SDIO_IRQHandler
                0x08000290                CAN2_RX1_IRQHandler
                0x08000290                EXTI3_IRQHandler
                0x08000290                TIM8_TRG_COM_TIM14_IRQHandler
                0x08000290                TIM1_UP_TIM10_IRQHandler
                0x08000290                TIM8_UP_TIM13_IRQHandler
                0x08000290                EXTI0_IRQHandler
                0x08000290                I2C2_EV_IRQHandler
                0x08000290                CAN1_RX0_IRQHandler
                0x08000290                TIM1_UP_TIM16_IRQHandler
                0x08000290                CAN2_SCE_IRQHandler
                0x08000290                ADC1_2_IRQHandler
                0x08000290                SPI1_IRQHandler
                0x08000290                TAMPER_IRQHandler
                0x08000290                TIM6_DAC_IRQHandler
                0x08000290                TIM1_BRK_TIM9_IRQHandler
                0x08000290                CAN2_RX0_IRQHandler
                0x08000290                TIM8_UP_IRQHandler
                0x08000290                DMA2_Channel2_IRQHandler
                0x08000290                DMA1_Channel4_IRQHandler
                0x08000290                USART3_IRQHandler
                0x08000290                RTC_IRQHandler
                0x08000290                DMA1_Channel7_IRQHandler
                0x08000290                CAN1_RX1_IRQHandler
                0x08000290                UART5_IRQHandler
                0x08000290                ADC3_IRQHandler
                0x08000290                TIM4_IRQHandler
                0x08000290                DMA2_Channel1_IRQHandler
                0x08000290                I2C1_EV_IRQHandler
                0x08000290                DMA1_Channel6_IRQHandler
                0x08000290                UART4_IRQHandler
                0x08000290                DMA2_Channel4_IRQHandler
                0x08000290                TIM3_IRQHandler
                0x08000290                RCC_IRQHandler
                0x08000290                TIM8_BRK_TIM12_IRQHandler
                0x08000290                TIM1_TRG_COM_IRQHandler
                0x08000290                DMA1_Channel1_IRQHandler
                0x08000290                Default_Handler
                0x08000290                CEC_IRQHandler
                0x08000290                EXTI15_10_IRQHandler
                0x08000290                TIM14_IRQHandler
                0x08000290                TIM13_IRQHandler
                0x08000290                TIM12_IRQHandler
                0x08000290                TIM7_IRQHandler
                0x08000290                CAN2_TX_IRQHandler
                0x08000290                TIM5_IRQHandler
                0x08000290                EXTI9_5_IRQHandler
                0x08000290                ETH_WKUP_IRQHandler
                0x08000290                SPI2_IRQHandler
                0x08000290                CAN1_TX_IRQHandler
                0x08000290                DMA2_Channel5_IRQHandler
                0x08000290                DMA1_Channel5_IRQHandler
                0x08000290                EXTI4_IRQHandler
                0x08000290                USB_LP_CAN1_RX0_IRQHandler
                0x08000290                TIM1_TRG_COM_TIM17_IRQHandler
                0x08000290                USB_HP_CAN1_TX_IRQHandler
                0x08000290                DMA1_Channel3_IRQHandler
                0x08000290                FSMC_IRQHandler
                0x08000290                ETH_IRQHandler
                0x08000290                TIM1_UP_IRQHandler
                0x08000290                WWDG_IRQHandler
                0x08000290                TIM2_IRQHandler
                0x08000290                OTG_FS_WKUP_IRQHandler
                0x08000290                TIM1_TRG_COM_TIM11_IRQHandler
                0x08000290                TIM1_BRK_IRQHandler
                0x08000290                EXTI1_IRQHandler
                0x08000290                RTCAlarm_IRQHandler
                0x08000290                DMA2_Channel4_5_IRQHandler
                0x08000290                USART2_IRQHandler
                0x08000290                I2C2_ER_IRQHandler
                0x08000290                DMA1_Channel2_IRQHandler
                0x08000290                TIM8_BRK_IRQHandler
                0x08000290                CAN1_SCE_IRQHandler
                0x08000290                FLASH_IRQHandler
                0x08000290                OTG_FS_IRQHandler
                0x08000290                SPI3_IRQHandler
                0x08000290                I2C1_ER_IRQHandler
                0x08000290                USBWakeUp_IRQHandler
                0x08000290                DMA2_Channel3_IRQHandler
                0x08000290                TIM1_BRK_TIM15_IRQHandler

.inits          0x08000294       0x28
                0x08000294                __data_regions_array_start = .
                0x08000294        0x4 LONG 0x8000b5c LOADADDR (.data)
                0x08000298        0x4 LONG 0x20000000 ADDR (.data)
                0x0800029c        0x4 LONG 0x20000024 (ADDR (.data) + SIZEOF (.data))
                0x080002a0        0x4 LONG 0x8000b5c LOADADDR (.data_CCMRAM)
                0x080002a4        0x4 LONG 0x0 ADDR (.data_CCMRAM)
                0x080002a8        0x4 LONG 0x0 (ADDR (.data_CCMRAM) + SIZEOF (.data_CCMRAM))
                0x080002ac                __data_regions_array_end = .
                0x080002ac                __bss_regions_array_start = .
                0x080002ac        0x4 LONG 0x20000024 ADDR (.bss)
                0x080002b0        0x4 LONG 0x20000174 (ADDR (.bss) + SIZEOF (.bss))
                0x080002b4        0x4 LONG 0x0 ADDR (.bss_CCMRAM)
                0x080002b8        0x4 LONG 0x0 (ADDR (.bss_CCMRAM) + SIZEOF (.bss_CCMRAM))
                0x080002bc                __bss_regions_array_end = .
 *(.init)
 *(.fini)
                0x080002bc                . = ALIGN (0x4)
                0x080002bc                PROVIDE (__preinit_array_start, .)
 *(.preinit_array_sysinit .preinit_array_sysinit.*)
 *(.preinit_array_platform .preinit_array_platform.*)
 *(.preinit_array .preinit_array.*)
                0x080002bc                PROVIDE (__preinit_array_end, .)
                0x080002bc                . = ALIGN (0x4)
                0x080002bc                PROVIDE (__init_array_start, .)
 *(SORT_BY_NAME(.init_array.*))
 *(.init_array)
                0x080002bc                PROVIDE (__init_array_end, .)
                0x080002bc                . = ALIGN (0x4)
                0x080002bc                PROVIDE (__fini_array_start, .)
 *(SORT_BY_NAME(.fini_array.*))
 *(.fini_array)
                0x080002bc                PROVIDE (__fini_array_end, .)

.flashtext
 *(.flashtext .flashtext.*)

.text           0x080002bc      0x8a0
 *(.text .text.*)
 .text._exit    0x080002bc        0x2 ./system/src/newlib/_exit.o
                0x080002bc                _exit
 *fill*         0x080002be        0x2 
 .text.__initialize_args
                0x080002c0       0x10 ./system/src/newlib/_syscalls.o
                0x080002c0                __initialize_args
 .text.__initialize_hardware_early
                0x080002d0       0x18 ./system/src/cortexm/_initialize_hardware.o
                0x080002d0                __initialize_hardware_early
 .text.__initialize_hardware
                0x080002e8        0x8 ./system/src/cortexm/_initialize_hardware.o
                0x080002e8                __initialize_hardware
 .text.SetSysClockTo72
                0x080002f0       0xc4 ./system/src/cmsis/system_stm32f10x.o
 .text.SetSysClock
                0x080003b4        0x8 ./system/src/cmsis/system_stm32f10x.o
 .text.SystemInit
                0x080003bc       0x50 ./system/src/cmsis/system_stm32f10x.o
                0x080003bc                SystemInit
 .text.SystemCoreClockUpdate
                0x0800040c       0x94 ./system/src/cmsis/system_stm32f10x.o
                0x0800040c                SystemCoreClockUpdate
 .text.FPEC_vidEnableClock
                0x080004a0        0xc ./src/FPEC_program.o
                0x080004a0                FPEC_vidEnableClock
 .text.FPEC_voidFlashPageErase
                0x080004ac       0x60 ./src/FPEC_program.o
                0x080004ac                FPEC_voidFlashPageErase
 .text.FPEC_voidEraseArea
                0x0800050c       0x18 ./src/FPEC_program.o
                0x0800050c                FPEC_voidEraseArea
 .text.FPEC_voidFlashWrite
                0x08000524       0x78 ./src/FPEC_program.o
                0x08000524                FPEC_voidFlashWrite
 .text.GPIO_vidSetPinDirection
                0x0800059c       0xfc ./src/GPIO_program.o
                0x0800059c                GPIO_vidSetPinDirection
 .text.GPIO_vidEnablePortClock
                0x08000698       0x2c ./src/GPIO_program.o
                0x08000698                GPIO_vidEnablePortClock
 .text.NVIC_vidEnableInterrupt
                0x080006c4       0x2c ./src/NVIC_program.o
                0x080006c4                NVIC_vidEnableInterrupt
 .text.OTA_vidRunAppCode
                0x080006f0       0x24 ./src/OTA_program.o
 .text.OTA_vidCharReceived
                0x08000714       0x44 ./src/OTA_program.o
 .text.getHex   0x08000758       0x22 ./src/OTA_program.o
 *fill*         0x0800077a        0x2 
 .text.OTA_vidSetHighAddress
                0x0800077c       0x38 ./src/OTA_program.o
 .text.OTA_vidParseRecord
                0x080007b4      0x128 ./src/OTA_program.o
 .text.OTA_vidInit
                0x080008dc       0x54 ./src/OTA_program.o
                0x080008dc                OTA_vidInit
 .text.OTA_vidRun
                0x08000930       0x74 ./src/OTA_program.o
                0x08000930                OTA_vidRun
 .text.RCC_vidInitSysClock
                0x080009a4       0x3c ./src/RCC_program.o
                0x080009a4                RCC_vidInitSysClock
 .text.RCC_vidEnableClock
                0x080009e0       0x4c ./src/RCC_program.o
                0x080009e0                RCC_vidEnableClock
 .text.STK_vidInit
                0x08000a2c        0xc ./src/STK_program.o
                0x08000a2c                STK_vidInit
 .text.STK_vidSetIntervalSingle
                0x08000a38       0x30 ./src/STK_program.o
                0x08000a38                STK_vidSetIntervalSingle
 .text.STK_vidStopInterval
                0x08000a68       0x28 ./src/STK_program.o
                0x08000a68                STK_vidStopInterval
 .text.SysTick_Handler
                0x08000a90       0x28 ./src/STK_program.o
                0x08000a90                SysTick_Handler
 .text.USART1_vidInit
                0x08000ab8       0x2c ./src/USART_program.o
                0x08000ab8                USART1_vidInit
 .text.USART1_vidEnableRecieveInterrupt
                0x08000ae4       0x18 ./src/USART_program.o
                0x08000ae4                USART1_vidEnableRecieveInterrupt
 .text.USART1_vidDisableRecieveInterrupt
                0x08000afc       0x10 ./src/USART_program.o
                0x08000afc                USART1_vidDisableRecieveInterrupt
 .text.USART1_vidTransmit
                0x08000b0c       0x14 ./src/USART_program.o
                0x08000b0c                USART1_vidTransmit
 .text.USART1_vidEnableClock
                0x08000b20        0xc ./src/USART_program.o
                0x08000b20                USART1_vidEnableClock
 .text.USART1_IRQHandler
                0x08000b2c       0x24 ./src/USART_program.o
                0x08000b2c                USART1_IRQHandler
 .text.main     0x08000b50        0xc ./src/main.o
                0x08000b50                main
 *(.rodata .rodata.* .constdata .constdata.*)
 *(vtable)
 *(.eh_frame*)
 *(.glue_7)
 .glue_7        0x08000b5c        0x0 linker stubs
 *(.glue_7t)
 .glue_7t       0x08000b5c        0x0 linker stubs

.vfp11_veneer   0x08000b5c        0x0
 .vfp11_veneer  0x08000b5c        0x0 linker stubs

.v4_bx          0x08000b5c        0x0
 .v4_bx         0x08000b5c        0x0 linker stubs

.iplt           0x08000b5c        0x0
 .iplt          0x08000b5c        0x0 ./system/src/newlib/_exit.o

.rel.dyn        0x08000b5c        0x0
 .rel.iplt      0x08000b5c        0x0 ./system/src/newlib/_exit.o

.ARM.extab
 *(.ARM.extab* .gnu.linkonce.armextab.*)
                0x08000b5c                . = ALIGN (0x4)
                0x08000b5c                __exidx_start = .

.ARM.exidx
 *(.ARM.exidx* .gnu.linkonce.armexidx.*)
                0x08000b5c                __exidx_end = .
                0x08000b5c                . = ALIGN (0x4)
                0x08000b5c                _etext = .
                0x08000b5c                __etext = .

.data_CCMRAM    0x00000000        0x0 load address 0x08000b5c
 FILL mask 0xff
 *(.data.CCMRAM .data.CCMRAM.*)
                0x00000000                . = ALIGN (0x4)
                0x08000b5c                _sidata = LOADADDR (.data)

.data           0x20000000       0x24 load address 0x08000b5c
 FILL mask 0xff
                0x20000000                _sdata = .
                0x20000000                __data_start__ = .
 *(.data_begin .data_begin.*)
 .data_begin    0x20000000        0x4 ./system/src/newlib/_startup.o
 *(.data .data.*)
 .data.argv.4310
                0x20000004        0x8 ./system/src/newlib/_syscalls.o
 .data.AHBPrescTable
                0x2000000c       0x10 ./system/src/cmsis/system_stm32f10x.o
                0x2000000c                AHBPrescTable
 .data.SystemCoreClock
                0x2000001c        0x4 ./system/src/cmsis/system_stm32f10x.o
                0x2000001c                SystemCoreClock
 *(.data_end .data_end.*)
 .data_end      0x20000020        0x4 ./system/src/newlib/_startup.o
                0x20000024                . = ALIGN (0x4)
                0x20000024                _edata = .
                0x20000024                __data_end__ = .

.igot.plt       0x20000024        0x0 load address 0x08000b80
 .igot.plt      0x20000024        0x0 ./system/src/newlib/_exit.o

.bss_CCMRAM     0x00000000        0x0
 *(.bss.CCMRAM .bss.CCMRAM.*)

.bss            0x20000024      0x150
                0x20000024                __bss_start__ = .
                0x20000024                _sbss = .
 *(.bss_begin .bss_begin.*)
 .bss_begin     0x20000024        0x4 ./system/src/newlib/_startup.o
 *(.bss .bss.*)
 .bss.name.4309
                0x20000028        0x1 ./system/src/newlib/_syscalls.o
 *fill*         0x20000029        0x3 
 .bss.addr_to_call
                0x2000002c        0x4 ./src/OTA_program.o
                0x2000002c                addr_to_call
 .bss.g_data    0x20000030       0xc8 ./src/OTA_program.o
                0x20000030                g_data
 .bss.g_finishReceiveFlag
                0x200000f8        0x1 ./src/OTA_program.o
                0x200000f8                g_finishReceiveFlag
 .bss.g_lineReceivedFlag
                0x200000f9        0x1 ./src/OTA_program.o
                0x200000f9                g_lineReceivedFlag
 .bss.g_recieveCounter
                0x200000fa        0x1 ./src/OTA_program.o
                0x200000fa                g_recieveCounter
 *fill*         0x200000fb        0x1 
 .bss.STK_callBack
                0x200000fc        0x4 ./src/STK_program.o
 .bss.STK_u8ModeOfInterval
                0x20000100        0x1 ./src/STK_program.o
 *fill*         0x20000101        0x3 
 .bss.USART1_recieveCallback
                0x20000104        0x4 ./src/USART_program.o
 *(COMMON)
 COMMON         0x20000108       0x68 ./src/OTA_program.o
                0x20000108                g_recieveBuffer
                0x2000016c                g_address
 *(.bss_end .bss_end.*)
 .bss_end       0x20000170        0x4 ./system/src/newlib/_startup.o
                0x20000174                . = ALIGN (0x4)
                0x20000174                __bss_end__ = .
                0x20000174                _ebss = .

.noinit_CCMRAM
 *(.noinit.CCMRAM .noinit.CCMRAM.*)

.noinit         0x20000174        0x0
                0x20000174                _noinit = .
 *(.noinit .noinit.*)
                0x20000174                . = ALIGN (0x4)
                0x20000174                _end_noinit = .
                [!provide]                PROVIDE (end, _end_noinit)
                [!provide]                PROVIDE (_end, _end_noinit)
                [!provide]                PROVIDE (__end, _end_noinit)
                [!provide]                PROVIDE (__end__, _end_noinit)

._check_stack   0x20000174      0x100
                0x20000274                . = (. + _Minimum_Stack_Size)
 *fill*         0x20000174      0x100 

.b1text
 *(.b1text)
 *(.b1rodata)
 *(.b1rodata.*)

.eb0text
 *(.eb0text)
 *(.eb0rodata)
 *(.eb0rodata.*)

.eb1text
 *(.eb1text)
 *(.eb1rodata)
 *(.eb1rodata.*)

.eb2text
 *(.eb2text)
 *(.eb2rodata)
 *(.eb2rodata.*)

.eb3text
 *(.eb3text)
 *(.eb3rodata)
 *(.eb3rodata.*)

.stab
 *(.stab)

.stabstr
 *(.stabstr)

.stab.excl
 *(.stab.excl)

.stab.exclstr
 *(.stab.exclstr)

.stab.index
 *(.stab.index)

.stab.indexstr
 *(.stab.indexstr)

.comment        0x00000000       0x7e
 *(.comment)
 .comment       0x00000000       0x7e ./system/src/newlib/_exit.o
                                 0x7f (size before relaxing)
 .comment       0x0000007e       0x7f ./system/src/newlib/_startup.o
 .comment       0x0000007e       0x7f ./system/src/newlib/_syscalls.o
 .comment       0x0000007e       0x7f ./system/src/cortexm/_initialize_hardware.o
 .comment       0x0000007e       0x7f ./system/src/cortexm/exception_handlers.o
 .comment       0x0000007e       0x7f ./system/src/cmsis/system_stm32f10x.o
 .comment       0x0000007e       0x7f ./system/src/cmsis/vectors_stm32f10x.o
 .comment       0x0000007e       0x7f ./src/FPEC_program.o
 .comment       0x0000007e       0x7f ./src/GPIO_program.o
 .comment       0x0000007e       0x7f ./src/NVIC_program.o
 .comment       0x0000007e       0x7f ./src/OTA_program.o
 .comment       0x0000007e       0x7f ./src/RCC_program.o
 .comment       0x0000007e       0x7f ./src/STK_program.o
 .comment       0x0000007e       0x7f ./src/USART_program.o
 .comment       0x0000007e       0x7f ./src/main.o

.ARM.attributes
                0x00000000       0x33
 .ARM.attributes
                0x00000000       0x33 ./system/src/newlib/_exit.o
 .ARM.attributes
                0x00000033       0x33 ./system/src/newlib/_startup.o
 .ARM.attributes
                0x00000066       0x33 ./system/src/newlib/_syscalls.o
 .ARM.attributes
                0x00000099       0x33 ./system/src/cortexm/_initialize_hardware.o
 .ARM.attributes
                0x000000cc       0x33 ./system/src/cortexm/exception_handlers.o
 .ARM.attributes
                0x000000ff       0x33 ./system/src/cmsis/system_stm32f10x.o
 .ARM.attributes
                0x00000132       0x33 ./system/src/cmsis/vectors_stm32f10x.o
 .ARM.attributes
                0x00000165       0x33 ./src/FPEC_program.o
 .ARM.attributes
                0x00000198       0x33 ./src/GPIO_program.o
 .ARM.attributes
                0x000001cb       0x33 ./src/NVIC_program.o
 .ARM.attributes
                0x000001fe       0x33 ./src/OTA_program.o
 .ARM.attributes
                0x00000231       0x33 ./src/RCC_program.o
 .ARM.attributes
                0x00000264       0x33 ./src/STK_program.o
 .ARM.attributes
                0x00000297       0x33 ./src/USART_program.o
 .ARM.attributes
                0x000002ca       0x33 ./src/main.o

.debug
 *(.debug)

.line
 *(.line)

.debug_srcinfo
 *(.debug_srcinfo)

.debug_sfnames
 *(.debug_sfnames)

.debug_aranges  0x00000000      0x330
 *(.debug_aranges)
 .debug_aranges
                0x00000000       0x28 ./system/src/newlib/_exit.o
 .debug_aranges
                0x00000028       0x40 ./system/src/newlib/_startup.o
 .debug_aranges
                0x00000068       0x30 ./system/src/newlib/_syscalls.o
 .debug_aranges
                0x00000098       0x28 ./system/src/cortexm/_initialize_hardware.o
 .debug_aranges
                0x000000c0       0x80 ./system/src/cortexm/exception_handlers.o
 .debug_aranges
                0x00000140       0x38 ./system/src/cmsis/system_stm32f10x.o
 .debug_aranges
                0x00000178       0x20 ./system/src/cmsis/vectors_stm32f10x.o
 .debug_aranges
                0x00000198       0x38 ./src/FPEC_program.o
 .debug_aranges
                0x000001d0       0x28 ./src/GPIO_program.o
 .debug_aranges
                0x000001f8       0x20 ./src/NVIC_program.o
 .debug_aranges
                0x00000218       0x50 ./src/OTA_program.o
 .debug_aranges
                0x00000268       0x28 ./src/RCC_program.o
 .debug_aranges
                0x00000290       0x38 ./src/STK_program.o
 .debug_aranges
                0x000002c8       0x48 ./src/USART_program.o
 .debug_aranges
                0x00000310       0x20 ./src/main.o

.debug_pubnames
 *(.debug_pubnames)

.debug_info     0x00000000     0x3932
 *(.debug_info .gnu.linkonce.wi.*)
 .debug_info    0x00000000      0x94a ./system/src/newlib/_exit.o
 .debug_info    0x0000094a      0x42e ./system/src/newlib/_startup.o
 .debug_info    0x00000d78      0xa19 ./system/src/newlib/_syscalls.o
 .debug_info    0x00001791      0x2b5 ./system/src/cortexm/_initialize_hardware.o
 .debug_info    0x00001a46      0xae8 ./system/src/cortexm/exception_handlers.o
 .debug_info    0x0000252e      0x494 ./system/src/cmsis/system_stm32f10x.o
 .debug_info    0x000029c2       0xca ./system/src/cmsis/vectors_stm32f10x.o
 .debug_info    0x00002a8c      0x222 ./src/FPEC_program.o
 .debug_info    0x00002cae      0x13a ./src/GPIO_program.o
 .debug_info    0x00002de8       0xa6 ./src/NVIC_program.o
 .debug_info    0x00002e8e      0x691 ./src/OTA_program.o
 .debug_info    0x0000351f       0xca ./src/RCC_program.o
 .debug_info    0x000035e9      0x121 ./src/STK_program.o
 .debug_info    0x0000370a      0x1c0 ./src/USART_program.o
 .debug_info    0x000038ca       0x68 ./src/main.o

.debug_abbrev   0x00000000     0x1123
 *(.debug_abbrev)
 .debug_abbrev  0x00000000      0x1f5 ./system/src/newlib/_exit.o
 .debug_abbrev  0x000001f5      0x1b3 ./system/src/newlib/_startup.o
 .debug_abbrev  0x000003a8      0x234 ./system/src/newlib/_syscalls.o
 .debug_abbrev  0x000005dc       0xea ./system/src/cortexm/_initialize_hardware.o
 .debug_abbrev  0x000006c6      0x23a ./system/src/cortexm/exception_handlers.o
 .debug_abbrev  0x00000900      0x177 ./system/src/cmsis/system_stm32f10x.o
 .debug_abbrev  0x00000a77       0x9d ./system/src/cmsis/vectors_stm32f10x.o
 .debug_abbrev  0x00000b14       0xf5 ./src/FPEC_program.o
 .debug_abbrev  0x00000c09       0x9c ./src/GPIO_program.o
 .debug_abbrev  0x00000ca5       0x56 ./src/NVIC_program.o
 .debug_abbrev  0x00000cfb      0x191 ./src/OTA_program.o
 .debug_abbrev  0x00000e8c       0x70 ./src/RCC_program.o
 .debug_abbrev  0x00000efc       0xc3 ./src/STK_program.o
 .debug_abbrev  0x00000fbf      0x117 ./src/USART_program.o
 .debug_abbrev  0x000010d6       0x4d ./src/main.o

.debug_line     0x00000000     0x21c7
 *(.debug_line)
 .debug_line    0x00000000      0x33a ./system/src/newlib/_exit.o
 .debug_line    0x0000033a      0x3a9 ./system/src/newlib/_startup.o
 .debug_line    0x000006e3      0x400 ./system/src/newlib/_syscalls.o
 .debug_line    0x00000ae3      0x36f ./system/src/cortexm/_initialize_hardware.o
 .debug_line    0x00000e52      0x67f ./system/src/cortexm/exception_handlers.o
 .debug_line    0x000014d1      0x3e2 ./system/src/cmsis/system_stm32f10x.o
 .debug_line    0x000018b3       0xfb ./system/src/cmsis/vectors_stm32f10x.o
 .debug_line    0x000019ae      0x140 ./src/FPEC_program.o
 .debug_line    0x00001aee       0xfb ./src/GPIO_program.o
 .debug_line    0x00001be9       0xac ./src/NVIC_program.o
 .debug_line    0x00001c95      0x212 ./src/OTA_program.o
 .debug_line    0x00001ea7       0xc7 ./src/RCC_program.o
 .debug_line    0x00001f6e       0xe1 ./src/STK_program.o
 .debug_line    0x0000204f      0x11d ./src/USART_program.o
 .debug_line    0x0000216c       0x5b ./src/main.o

.debug_frame    0x00000000      0x57c
 *(.debug_frame)
 .debug_frame   0x00000000       0x38 ./system/src/newlib/_exit.o
 .debug_frame   0x00000038       0x7c ./system/src/newlib/_startup.o
 .debug_frame   0x000000b4       0x50 ./system/src/newlib/_syscalls.o
 .debug_frame   0x00000104       0x40 ./system/src/cortexm/_initialize_hardware.o
 .debug_frame   0x00000144       0xe8 ./system/src/cortexm/exception_handlers.o
 .debug_frame   0x0000022c       0x6c ./system/src/cmsis/system_stm32f10x.o
 .debug_frame   0x00000298       0x20 ./system/src/cmsis/vectors_stm32f10x.o
 .debug_frame   0x000002b8       0x78 ./src/FPEC_program.o
 .debug_frame   0x00000330       0x44 ./src/GPIO_program.o
 .debug_frame   0x00000374       0x20 ./src/NVIC_program.o
 .debug_frame   0x00000394       0xb8 ./src/OTA_program.o
 .debug_frame   0x0000044c       0x30 ./src/RCC_program.o
 .debug_frame   0x0000047c       0x58 ./src/STK_program.o
 .debug_frame   0x000004d4       0x80 ./src/USART_program.o
 .debug_frame   0x00000554       0x28 ./src/main.o

.debug_str      0x00000000    0x56898
 *(.debug_str)
 .debug_str     0x00000000     0x7cf6 ./system/src/newlib/_exit.o
                               0x7eba (size before relaxing)
 .debug_str     0x00007cf6      0xbbd ./system/src/newlib/_startup.o
                               0x69a7 (size before relaxing)
 .debug_str     0x000088b3     0x12f0 ./system/src/newlib/_syscalls.o
                               0x8147 (size before relaxing)
 .debug_str     0x00009ba3    0x4b01b ./system/src/cortexm/_initialize_hardware.o
                              0x4e809 (size before relaxing)
 .debug_str     0x00054bbe      0x1db ./system/src/cortexm/exception_handlers.o
                              0x5391e (size before relaxing)
 .debug_str     0x00054d99      0x11d ./system/src/cmsis/system_stm32f10x.o
                              0x4e8a3 (size before relaxing)
 .debug_str     0x00054eb6       0x57 ./system/src/cmsis/vectors_stm32f10x.o
                               0x3848 (size before relaxing)
 .debug_str     0x00054f0d      0x41d ./src/FPEC_program.o
                               0x31a8 (size before relaxing)
 .debug_str     0x0005532a      0x63d ./src/GPIO_program.o
                               0x3682 (size before relaxing)
 .debug_str     0x00055967       0xca ./src/NVIC_program.o
                               0x2f12 (size before relaxing)
 .debug_str     0x00055a31      0x5f1 ./src/OTA_program.o
                               0x3927 (size before relaxing)
 .debug_str     0x00056022      0x4b5 ./src/RCC_program.o
                               0x350e (size before relaxing)
 .debug_str     0x000564d7      0x167 ./src/STK_program.o
                               0x3009 (size before relaxing)
 .debug_str     0x0005663e      0x24c ./src/USART_program.o
                               0x332d (size before relaxing)
 .debug_str     0x0005688a        0xe ./src/main.o
                               0x2d2f (size before relaxing)

.debug_loc      0x00000000      0x750
 *(.debug_loc)
 .debug_loc     0x00000000      0x1a9 ./system/src/newlib/_startup.o
 .debug_loc     0x000001a9       0x63 ./system/src/newlib/_syscalls.o
 .debug_loc     0x0000020c       0xdf ./system/src/cmsis/system_stm32f10x.o
 .debug_loc     0x000002eb       0xbd ./src/FPEC_program.o
 .debug_loc     0x000003a8      0x1c3 ./src/GPIO_program.o
 .debug_loc     0x0000056b       0x45 ./src/NVIC_program.o
 .debug_loc     0x000005b0       0xca ./src/OTA_program.o
 .debug_loc     0x0000067a       0xa6 ./src/RCC_program.o
 .debug_loc     0x00000720       0x30 ./src/STK_program.o

.debug_macinfo
 *(.debug_macinfo)

.debug_weaknames
 *(.debug_weaknames)

.debug_funcnames
 *(.debug_funcnames)

.debug_typenames
 *(.debug_typenames)

.debug_varnames
 *(.debug_varnames)
OUTPUT(Bootloader_APP.elf elf32-littlearm)

.debug_ranges   0x00000000      0x288
 .debug_ranges  0x00000000       0x18 ./system/src/newlib/_exit.o
 .debug_ranges  0x00000018       0x78 ./system/src/newlib/_startup.o
 .debug_ranges  0x00000090       0x20 ./system/src/newlib/_syscalls.o
 .debug_ranges  0x000000b0       0x18 ./system/src/cortexm/_initialize_hardware.o
 .debug_ranges  0x000000c8       0x70 ./system/src/cortexm/exception_handlers.o
 .debug_ranges  0x00000138       0x28 ./system/src/cmsis/system_stm32f10x.o
 .debug_ranges  0x00000160       0x10 ./system/src/cmsis/vectors_stm32f10x.o
 .debug_ranges  0x00000170       0x28 ./src/FPEC_program.o
 .debug_ranges  0x00000198       0x18 ./src/GPIO_program.o
 .debug_ranges  0x000001b0       0x10 ./src/NVIC_program.o
 .debug_ranges  0x000001c0       0x40 ./src/OTA_program.o
 .debug_ranges  0x00000200       0x18 ./src/RCC_program.o
 .debug_ranges  0x00000218       0x28 ./src/STK_program.o
 .debug_ranges  0x00000240       0x38 ./src/USART_program.o
 .debug_ranges  0x00000278       0x10 ./src/main.o

.debug_macro    0x00000000     0x1f3c
 .debug_macro   0x00000000      0x1b4 ./system/src/newlib/_exit.o
 .debug_macro   0x000001b4       0x9c ./system/src/newlib/_exit.o
 .debug_macro   0x00000250      0x10e ./system/src/newlib/_exit.o
 .debug_macro   0x0000035e       0x8d ./system/src/newlib/_exit.o
 .debug_macro   0x000003eb       0x43 ./system/src/newlib/_exit.o
 .debug_macro   0x0000042e      0x330 ./system/src/newlib/_exit.o
 .debug_macro   0x0000075e       0x35 ./system/src/newlib/_exit.o
 .debug_macro   0x00000793      0x173 ./system/src/newlib/_startup.o
 .debug_macro   0x00000906      0x217 ./system/src/newlib/_syscalls.o
 .debug_macro   0x00000b1d       0x1c ./system/src/newlib/_syscalls.o
 .debug_macro   0x00000b39       0x10 ./system/src/newlib/_syscalls.o
 .debug_macro   0x00000b49       0x10 ./system/src/newlib/_syscalls.o
 .debug_macro   0x00000b59       0x10 ./system/src/newlib/_syscalls.o
 .debug_macro   0x00000b69       0x35 ./system/src/newlib/_syscalls.o
 .debug_macro   0x00000b9e      0x122 ./system/src/newlib/_syscalls.o
 .debug_macro   0x00000cc0       0x88 ./system/src/newlib/_syscalls.o
 .debug_macro   0x00000d48       0x2b ./system/src/newlib/_syscalls.o
 .debug_macro   0x00000d73      0x118 ./system/src/newlib/_syscalls.o
 .debug_macro   0x00000e8b      0x189 ./system/src/newlib/_syscalls.o
 .debug_macro   0x00001014       0x16 ./system/src/newlib/_syscalls.o
 .debug_macro   0x0000102a      0x16b ./system/src/cortexm/_initialize_hardware.o
 .debug_macro   0x00001195      0x324 ./system/src/cortexm/exception_handlers.o
 .debug_macro   0x000014b9       0x3b ./system/src/cortexm/exception_handlers.o
 .debug_macro   0x000014f4       0x22 ./system/src/cortexm/exception_handlers.o
 .debug_macro   0x00001516       0x10 ./system/src/cortexm/exception_handlers.o
 .debug_macro   0x00001526       0xcf ./system/src/cortexm/exception_handlers.o
 .debug_macro   0x000015f5       0xbe ./system/src/cortexm/exception_handlers.o
 .debug_macro   0x000016b3       0x10 ./system/src/cortexm/exception_handlers.o
 .debug_macro   0x000016c3      0x16e ./system/src/cmsis/system_stm32f10x.o
 .debug_macro   0x00001831       0x34 ./system/src/cmsis/vectors_stm32f10x.o
 .debug_macro   0x00001865       0x49 ./src/FPEC_program.o
 .debug_macro   0x000018ae       0x16 ./src/FPEC_program.o
 .debug_macro   0x000018c4      0x12f ./src/FPEC_program.o
 .debug_macro   0x000019f3       0x48 ./src/GPIO_program.o
 .debug_macro   0x00001a3b       0xd6 ./src/GPIO_program.o
 .debug_macro   0x00001b11       0x88 ./src/GPIO_program.o
 .debug_macro   0x00001b99       0x40 ./src/NVIC_program.o
 .debug_macro   0x00001bd9       0x16 ./src/NVIC_program.o
 .debug_macro   0x00001bef       0x7a ./src/OTA_program.o
 .debug_macro   0x00001c69       0x28 ./src/OTA_program.o
 .debug_macro   0x00001c91       0x3e ./src/RCC_program.o
 .debug_macro   0x00001ccf       0xe2 ./src/RCC_program.o
 .debug_macro   0x00001db1       0x2e ./src/RCC_program.o
 .debug_macro   0x00001ddf       0x3f ./src/STK_program.o
 .debug_macro   0x00001e1e       0x3a ./src/STK_program.o
 .debug_macro   0x00001e58       0x10 ./src/STK_program.o
 .debug_macro   0x00001e68       0x49 ./src/USART_program.o
 .debug_macro   0x00001eb1       0x70 ./src/USART_program.o
 .debug_macro   0x00001f21       0x1b ./src/main.o
